// Jest Snapshot v1, https://goo.gl/fbAQLP

exports[`Home page matches snapshot 1`] = `
<DocumentFragment>
  <div
    class="jsx-2514027246 container"
  >
    <h1
      class="jsx-2514027246 title"
    >
      debuild.co
    </h1>
    <div
      class="jsx-2514027246 content"
    >
      <div
        class="jsx-2514027246 box"
      >
        <div
          class="jsx-2514027246 control"
        >
          <p
            class="jsx-2514027246 description"
          >
            Describe your app.
          </p>
          <div
            class="jsx-2514027246 buttons"
          >
            <button
              class="jsx-2514027246 clearBtn"
            >
              Clear
            </button>
            <button
              class="jsx-2514027246 generateBtn"
            >
              Generate
            </button>
          </div>
        </div>
        <textarea
          class="jsx-2514027246 ai"
          placeholder="Just describe your app!"
          rows="6"
        />
        <div
          class="jsx-2514027246 code"
        />
      </div>
      <div
        class="jsx-2514027246 box"
      >
        <div
          class="jsx-2514027246 result"
        />
      </div>
    </div>
  </div>
  <div
    class="fullscreen"
  >
    <div
      class="jsx-2738049650 bsod"
    >
      <p
        class="jsx-2738049650"
      >
        [   1561.519943] [Hardware Error]: CPU 4: Machine Check Exception: 5 Bank 3: be00000000800400
        <br
          class="jsx-2738049650"
        />
        [   1561.519946] [Hardware Error]: RIP !INEXACT! 33:&lt;00007fe99ae93e54&gt; 
        <br
          class="jsx-2738049650"
        />
        [   1561.519948] [Hardware Error]: TSC 539b174dead ADDR 3fe98d264ebd MISC 1 
        <br
          class="jsx-2738049650"
        />
        [   1561.519950] [Hardware Error]: PROCESSOR 0:206a7 TIME 1357862746 SOCKET 0 APIC 1 microcode 28
        <br
          class="jsx-2738049650"
        />
        [   1561.519951] [Hardware Error]: Run the above through 'mcelog --ascii'
        <br
          class="jsx-2738049650"
        />
        [   1561.519953] [Hardware Error]: CPU 0: Machine Check Exception: 4 Bank 3: be00000000800400
        <br
          class="jsx-2738049650"
        />
        [   1561.519955] [Hardware Error]: TSC 539b174de9d ADDR 3fe98d264ebd MISC 1 
        <br
          class="jsx-2738049650"
        />
        [   1561.519957] [Hardware Error]: PROCESSOR 0:206a7 TIME 1357862746 SOCKET 0 APIC 0 microcode 28
        <br
          class="jsx-2738049650"
        />
        [   1561.519958] [Hardware Error]: Run the above through 'mcelog --ascii'
        <br
          class="jsx-2738049650"
        />
        [   1561.519959] [Hardware Error]: Machine check: Processor context corrupt
        <br
          class="jsx-2738049650"
        />
        [   1561.519960] Kernel panic - not syncing: Fatal Machine check
        <br
          class="jsx-2738049650"
        />
        [   1561.519962] Pid: 0, comm: swapper/5 Tainted: P M C O 3.2.0-35-generic #55-Ubuntu
        <br
          class="jsx-2738049650"
        />
        [   1561.519963] Call Trace:
        <br
          class="jsx-2738049650"
        />
        [   1561.519964] &lt;#MC&gt; [&lt;ffffffff81644340&gt;] panic+0x91/0x1a4
        <br
          class="jsx-2738049650"
        />
        [   1561.519971] [&lt;ffffffff8102abeb&gt;] mce_panic.part.14+0x18b/0x1c0
        <br
          class="jsx-2738049650"
        />
        [   1561.519973] [&lt;ffffffff8102ac80&gt;] mce_panic+0x60/0xb0
        <br
          class="jsx-2738049650"
        />
        [   1561.519975] [&lt;ffffffff8102aec4&gt;] mce_reign+0x1f4/0x200
        <br
          class="jsx-2738049650"
        />
        [   1561.519977] [&lt;ffffffff8102b175&gt;] mce_end+0xf5/0x100
        <br
          class="jsx-2738049650"
        />
        [   1561.519979] [&lt;ffffffff8102b92c&gt;] do_machine_check+0x3fc/0x600
        <br
          class="jsx-2738049650"
        />
        [   1561.519982] [&lt;ffffffff8136d48f&gt;] ? intel_idle+0xbf/0x150
        <br
          class="jsx-2738049650"
        />
        [   1561.519984] [&lt;ffffffff8165d78c&gt;] machine_check+0x1c/0x30
        <br
          class="jsx-2738049650"
        />
        [   1561.519986] [&lt;ffffffff8136d48f&gt;] ? intel_idle+0xbf/0x150
        <br
          class="jsx-2738049650"
        />
        [   1561.519987] &lt;&lt;EOE&gt;&gt; [&lt;ffffffff81509697&gt;] ? menu_select+0xe7/0x2c0
        <br
          class="jsx-2738049650"
        />
        [   1561.519991] [&lt;ffffffff815082d1&gt;] cpuidle_idle_call+0xc1/0x280
        <br
          class="jsx-2738049650"
        />
        [   1561.519994] [&lt;ffffffff8101322a&gt;] cpu_idle+0xca/0x120
        <br
          class="jsx-2738049650"
        />
        [   1561.519996] [&lt;ffffffff8163aa9a&gt;] start_secondary+0xd9/0xdb
        <br
          class="jsx-2738049650"
        />
        [   0.682627] Failed to execute / init (error -2)
        <br
          class="jsx-2738049650"
        />
        [   0.682777] Kernel panic — not syncing: No working init found. Try passing init= option to kernel. See Linux Documentation/admin—guide/init.rst for guidance.
        <br
          class="jsx-2738049650"
        />
        [   0.682832] CPU: 1 PID: 1 Comm: swapper/0 Not tainted 4.16.6-2-CHAKRA #2
        <br
          class="jsx-2738049650"
        />
        [   0.682875] Hardware name: To Be Filled By O.E.M. To Be Filled By O.E.M./IMB-A180, BIOS P1.00 10/09/2013
        <br
          class="jsx-2738049650"
        />
        [   0.682921] Call Trace:
        <br
          class="jsx-2738049650"
        />
        [   0.682974]  dump_stack+0x5c/0x85
        <br
          class="jsx-2738049650"
        />
        [   0.683015]  ? rest_init+0x50/0xd0
        <br
          class="jsx-2738049650"
        />
        [   0.683857]  panic+8xe4/0x253
        <br
          class="jsx-2738049650"
        />
        [   0.683181]  ? do_execveat_common.isra.39+0x87/0x830
        <br
          class="jsx-2738049650"
        />
        [   0.683142]  ? rest_init+0xd0/0xd0
        <br
          class="jsx-2738049650"
        />
        [   0.683185]  kernel_init+0xeb/0x100
        <br
          class="jsx-2738049650"
        />
        [   0.683228]  ret_from_fork+0x22/0x40
        <br
          class="jsx-2738049650"
        />
        [   0.683305] Kernel Offset: exa0a0aa0 fron 0xffffffff81000000 location range: axffffffff80000000-0xffffffffbfffffff)
        <br
          class="jsx-2738049650"
        />
        [   0.683354] ---[ end Kernel panic — not syncing: No working init found. Try passing init= option to kernel. See Linux Documentation/admin—guide/init.rst for guidance.
      </p>
    </div>
  </div>
</DocumentFragment>
`;
